[ 12%] [32m[1mLinking CXX executable odom_kinematic[0m
[ 25%] [32m[1mLinking CXX executable line_following[0m
[ 37%] [32m[1mLinking CXX executable maze_lidar[0m
[ 50%] [32m[1mLinking CXX executable point_cloud_segmentation[0m
[ 62%] Built target maze_lidar
[ 75%] Built target odom_kinematic
[ 87%] Built target line_following
[100%] Built target point_cloud_segmentation
-- Install configuration: ""
-- Installing: /home/yusuf/ros2_project/install/robot_sensing/lib/robot_sensing/maze_lidar
-- Set runtime path of "/home/yusuf/ros2_project/install/robot_sensing/lib/robot_sensing/maze_lidar" to ""
-- Installing: /home/yusuf/ros2_project/install/robot_sensing/lib/robot_sensing/odom_kinematic
-- Set runtime path of "/home/yusuf/ros2_project/install/robot_sensing/lib/robot_sensing/odom_kinematic" to ""
-- Installing: /home/yusuf/ros2_project/install/robot_sensing/lib/robot_sensing/line_following
-- Set runtime path of "/home/yusuf/ros2_project/install/robot_sensing/lib/robot_sensing/line_following" to ""
-- Installing: /home/yusuf/ros2_project/install/robot_sensing/lib/robot_sensing/point_cloud_segmentation
-- Set runtime path of "/home/yusuf/ros2_project/install/robot_sensing/lib/robot_sensing/point_cloud_segmentation" to ""
-- Up-to-date: /home/yusuf/ros2_project/install/robot_sensing/share/robot_sensing/launch
-- Up-to-date: /home/yusuf/ros2_project/install/robot_sensing/share/robot_sensing/launch/maze_world.launch.py
-- Up-to-date: /home/yusuf/ros2_project/install/robot_sensing/share/robot_sensing/launch/line_world.launch.py
-- Up-to-date: /home/yusuf/ros2_project/install/robot_sensing/share/robot_sensing/world
-- Up-to-date: /home/yusuf/ros2_project/install/robot_sensing/share/robot_sensing/world/maze.world
-- Up-to-date: /home/yusuf/ros2_project/install/robot_sensing/share/robot_sensing/world/linefollowing.world
-- Up-to-date: /home/yusuf/ros2_project/install/robot_sensing/share/ament_index/resource_index/package_run_dependencies/robot_sensing
-- Up-to-date: /home/yusuf/ros2_project/install/robot_sensing/share/ament_index/resource_index/parent_prefix_path/robot_sensing
-- Up-to-date: /home/yusuf/ros2_project/install/robot_sensing/share/robot_sensing/environment/ament_prefix_path.sh
-- Up-to-date: /home/yusuf/ros2_project/install/robot_sensing/share/robot_sensing/environment/ament_prefix_path.dsv
-- Up-to-date: /home/yusuf/ros2_project/install/robot_sensing/share/robot_sensing/environment/path.sh
-- Up-to-date: /home/yusuf/ros2_project/install/robot_sensing/share/robot_sensing/environment/path.dsv
-- Up-to-date: /home/yusuf/ros2_project/install/robot_sensing/share/robot_sensing/local_setup.bash
-- Up-to-date: /home/yusuf/ros2_project/install/robot_sensing/share/robot_sensing/local_setup.sh
-- Up-to-date: /home/yusuf/ros2_project/install/robot_sensing/share/robot_sensing/local_setup.zsh
-- Up-to-date: /home/yusuf/ros2_project/install/robot_sensing/share/robot_sensing/local_setup.dsv
-- Installing: /home/yusuf/ros2_project/install/robot_sensing/share/robot_sensing/package.dsv
-- Up-to-date: /home/yusuf/ros2_project/install/robot_sensing/share/ament_index/resource_index/packages/robot_sensing
-- Up-to-date: /home/yusuf/ros2_project/install/robot_sensing/share/robot_sensing/cmake/robot_sensingConfig.cmake
-- Up-to-date: /home/yusuf/ros2_project/install/robot_sensing/share/robot_sensing/cmake/robot_sensingConfig-version.cmake
-- Up-to-date: /home/yusuf/ros2_project/install/robot_sensing/share/robot_sensing/package.xml
