[0.132s] DEBUG:colcon:Command line arguments: ['/usr/bin/colcon', 'build']
[0.132s] DEBUG:colcon:Parsed command line arguments: Namespace(log_base=None, log_level=None, verb_name='build', build_base='build', install_base='install', merge_install=False, symlink_install=False, test_result_base=None, continue_on_error=False, executor='parallel', parallel_workers=8, event_handlers=None, ignore_user_meta=False, metas=['./colcon.meta'], base_paths=['.'], packages_ignore=None, packages_ignore_regex=None, paths=None, packages_up_to=None, packages_up_to_regex=None, packages_above=None, packages_above_and_dependencies=None, packages_above_depth=None, packages_select_by_dep=None, packages_skip_by_dep=None, packages_skip_up_to=None, packages_select_build_failed=False, packages_skip_build_finished=False, packages_select_test_failures=False, packages_skip_test_passed=False, packages_select=None, packages_skip=None, packages_select_regex=None, packages_skip_regex=None, packages_start=None, packages_end=None, allow_overriding=[], cmake_args=None, cmake_target=None, cmake_target_skip_unavailable=False, cmake_clean_cache=False, cmake_clean_first=False, cmake_force_configure=False, ament_cmake_args=None, catkin_cmake_args=None, catkin_skip_building_tests=False, verb_parser=<colcon_defaults.argument_parser.defaults.DefaultArgumentsDecorator object at 0x7491d30531c0>, verb_extension=<colcon_core.verb.build.BuildVerb object at 0x7491d3052b00>, main=<bound method BuildVerb.main of <colcon_core.verb.build.BuildVerb object at 0x7491d3052b00>>)
[0.178s] Level 1:colcon.colcon_core.package_discovery:discover_packages(colcon_meta) check parameters
[0.178s] Level 1:colcon.colcon_core.package_discovery:discover_packages(recursive) check parameters
[0.178s] Level 1:colcon.colcon_core.package_discovery:discover_packages(ignore) check parameters
[0.178s] Level 1:colcon.colcon_core.package_discovery:discover_packages(path) check parameters
[0.178s] Level 1:colcon.colcon_core.package_discovery:discover_packages(colcon_meta) discover
[0.178s] Level 1:colcon.colcon_core.package_discovery:discover_packages(recursive) discover
[0.178s] INFO:colcon.colcon_core.package_discovery:Crawling recursively for packages in '/home/yusuf/ros2_project'
[0.178s] Level 1:colcon.colcon_core.package_identification:_identify(.) by extensions ['ignore', 'ignore_ament_install']
[0.178s] Level 1:colcon.colcon_core.package_identification:_identify(.) by extension 'ignore'
[0.178s] Level 1:colcon.colcon_core.package_identification:_identify(.) by extension 'ignore_ament_install'
[0.179s] Level 1:colcon.colcon_core.package_identification:_identify(.) by extensions ['colcon_pkg']
[0.179s] Level 1:colcon.colcon_core.package_identification:_identify(.) by extension 'colcon_pkg'
[0.179s] Level 1:colcon.colcon_core.package_identification:_identify(.) by extensions ['colcon_meta']
[0.179s] Level 1:colcon.colcon_core.package_identification:_identify(.) by extension 'colcon_meta'
[0.179s] Level 1:colcon.colcon_core.package_identification:_identify(.) by extensions ['ros']
[0.179s] Level 1:colcon.colcon_core.package_identification:_identify(.) by extension 'ros'
[0.200s] Level 1:colcon.colcon_core.package_identification:_identify(.) by extensions ['cmake', 'python']
[0.200s] Level 1:colcon.colcon_core.package_identification:_identify(.) by extension 'cmake'
[0.200s] Level 1:colcon.colcon_core.package_identification:_identify(.) by extension 'python'
[0.200s] Level 1:colcon.colcon_core.package_identification:_identify(.) by extensions ['python_setup_py']
[0.200s] Level 1:colcon.colcon_core.package_identification:_identify(.) by extension 'python_setup_py'
[0.201s] Level 1:colcon.colcon_core.package_identification:_identify(build) by extensions ['ignore', 'ignore_ament_install']
[0.201s] Level 1:colcon.colcon_core.package_identification:_identify(build) by extension 'ignore'
[0.201s] Level 1:colcon.colcon_core.package_identification:_identify(build) ignored
[0.201s] Level 1:colcon.colcon_core.package_identification:_identify(install) by extensions ['ignore', 'ignore_ament_install']
[0.201s] Level 1:colcon.colcon_core.package_identification:_identify(install) by extension 'ignore'
[0.201s] Level 1:colcon.colcon_core.package_identification:_identify(install) ignored
[0.201s] Level 1:colcon.colcon_core.package_identification:_identify(log) by extensions ['ignore', 'ignore_ament_install']
[0.201s] Level 1:colcon.colcon_core.package_identification:_identify(log) by extension 'ignore'
[0.202s] Level 1:colcon.colcon_core.package_identification:_identify(log) ignored
[0.202s] Level 1:colcon.colcon_core.package_identification:_identify(src) by extensions ['ignore', 'ignore_ament_install']
[0.202s] Level 1:colcon.colcon_core.package_identification:_identify(src) by extension 'ignore'
[0.202s] Level 1:colcon.colcon_core.package_identification:_identify(src) by extension 'ignore_ament_install'
[0.202s] Level 1:colcon.colcon_core.package_identification:_identify(src) by extensions ['colcon_pkg']
[0.202s] Level 1:colcon.colcon_core.package_identification:_identify(src) by extension 'colcon_pkg'
[0.202s] Level 1:colcon.colcon_core.package_identification:_identify(src) by extensions ['colcon_meta']
[0.202s] Level 1:colcon.colcon_core.package_identification:_identify(src) by extension 'colcon_meta'
[0.202s] Level 1:colcon.colcon_core.package_identification:_identify(src) by extensions ['ros']
[0.202s] Level 1:colcon.colcon_core.package_identification:_identify(src) by extension 'ros'
[0.202s] Level 1:colcon.colcon_core.package_identification:_identify(src) by extensions ['cmake', 'python']
[0.202s] Level 1:colcon.colcon_core.package_identification:_identify(src) by extension 'cmake'
[0.202s] Level 1:colcon.colcon_core.package_identification:_identify(src) by extension 'python'
[0.202s] Level 1:colcon.colcon_core.package_identification:_identify(src) by extensions ['python_setup_py']
[0.202s] Level 1:colcon.colcon_core.package_identification:_identify(src) by extension 'python_setup_py'
[0.203s] Level 1:colcon.colcon_core.package_identification:_identify(src/control_systems) by extensions ['ignore', 'ignore_ament_install']
[0.203s] Level 1:colcon.colcon_core.package_identification:_identify(src/control_systems) by extension 'ignore'
[0.203s] Level 1:colcon.colcon_core.package_identification:_identify(src/control_systems) by extension 'ignore_ament_install'
[0.203s] Level 1:colcon.colcon_core.package_identification:_identify(src/control_systems) by extensions ['colcon_pkg']
[0.203s] Level 1:colcon.colcon_core.package_identification:_identify(src/control_systems) by extension 'colcon_pkg'
[0.203s] Level 1:colcon.colcon_core.package_identification:_identify(src/control_systems) by extensions ['colcon_meta']
[0.203s] Level 1:colcon.colcon_core.package_identification:_identify(src/control_systems) by extension 'colcon_meta'
[0.203s] Level 1:colcon.colcon_core.package_identification:_identify(src/control_systems) by extensions ['ros']
[0.203s] Level 1:colcon.colcon_core.package_identification:_identify(src/control_systems) by extension 'ros'
[0.206s] DEBUG:colcon.colcon_core.package_identification:Package 'src/control_systems' with type 'ros.ament_cmake' and name 'control_systems'
[0.206s] Level 1:colcon.colcon_core.package_identification:_identify(src/mapping) by extensions ['ignore', 'ignore_ament_install']
[0.206s] Level 1:colcon.colcon_core.package_identification:_identify(src/mapping) by extension 'ignore'
[0.207s] Level 1:colcon.colcon_core.package_identification:_identify(src/mapping) by extension 'ignore_ament_install'
[0.207s] Level 1:colcon.colcon_core.package_identification:_identify(src/mapping) by extensions ['colcon_pkg']
[0.207s] Level 1:colcon.colcon_core.package_identification:_identify(src/mapping) by extension 'colcon_pkg'
[0.207s] Level 1:colcon.colcon_core.package_identification:_identify(src/mapping) by extensions ['colcon_meta']
[0.207s] Level 1:colcon.colcon_core.package_identification:_identify(src/mapping) by extension 'colcon_meta'
[0.207s] Level 1:colcon.colcon_core.package_identification:_identify(src/mapping) by extensions ['ros']
[0.207s] Level 1:colcon.colcon_core.package_identification:_identify(src/mapping) by extension 'ros'
[0.208s] DEBUG:colcon.colcon_core.package_identification:Package 'src/mapping' with type 'ros.ament_cmake' and name 'mapping'
[0.208s] Level 1:colcon.colcon_core.package_identification:_identify(src/robot_sensing) by extensions ['ignore', 'ignore_ament_install']
[0.208s] Level 1:colcon.colcon_core.package_identification:_identify(src/robot_sensing) by extension 'ignore'
[0.208s] Level 1:colcon.colcon_core.package_identification:_identify(src/robot_sensing) by extension 'ignore_ament_install'
[0.208s] Level 1:colcon.colcon_core.package_identification:_identify(src/robot_sensing) by extensions ['colcon_pkg']
[0.208s] Level 1:colcon.colcon_core.package_identification:_identify(src/robot_sensing) by extension 'colcon_pkg'
[0.208s] Level 1:colcon.colcon_core.package_identification:_identify(src/robot_sensing) by extensions ['colcon_meta']
[0.208s] Level 1:colcon.colcon_core.package_identification:_identify(src/robot_sensing) by extension 'colcon_meta'
[0.209s] Level 1:colcon.colcon_core.package_identification:_identify(src/robot_sensing) by extensions ['ros']
[0.209s] Level 1:colcon.colcon_core.package_identification:_identify(src/robot_sensing) by extension 'ros'
[0.209s] DEBUG:colcon.colcon_core.package_identification:Package 'src/robot_sensing' with type 'ros.ament_cmake' and name 'robot_sensing'
[0.210s] Level 1:colcon.colcon_core.package_identification:_identify(src/sensor_fusion) by extensions ['ignore', 'ignore_ament_install']
[0.210s] Level 1:colcon.colcon_core.package_identification:_identify(src/sensor_fusion) by extension 'ignore'
[0.210s] Level 1:colcon.colcon_core.package_identification:_identify(src/sensor_fusion) by extension 'ignore_ament_install'
[0.210s] Level 1:colcon.colcon_core.package_identification:_identify(src/sensor_fusion) by extensions ['colcon_pkg']
[0.210s] Level 1:colcon.colcon_core.package_identification:_identify(src/sensor_fusion) by extension 'colcon_pkg'
[0.210s] Level 1:colcon.colcon_core.package_identification:_identify(src/sensor_fusion) by extensions ['colcon_meta']
[0.210s] Level 1:colcon.colcon_core.package_identification:_identify(src/sensor_fusion) by extension 'colcon_meta'
[0.210s] Level 1:colcon.colcon_core.package_identification:_identify(src/sensor_fusion) by extensions ['ros']
[0.210s] Level 1:colcon.colcon_core.package_identification:_identify(src/sensor_fusion) by extension 'ros'
[0.211s] DEBUG:colcon.colcon_core.package_identification:Package 'src/sensor_fusion' with type 'ros.ament_cmake' and name 'sensor_fusion'
[0.211s] Level 1:colcon.colcon_core.package_discovery:discover_packages(recursive) using defaults
[0.211s] Level 1:colcon.colcon_core.package_discovery:discover_packages(ignore) discover
[0.211s] Level 1:colcon.colcon_core.package_discovery:discover_packages(ignore) using defaults
[0.211s] Level 1:colcon.colcon_core.package_discovery:discover_packages(path) discover
[0.211s] Level 1:colcon.colcon_core.package_discovery:discover_packages(path) using defaults
[0.240s] Level 1:colcon.colcon_core.package_discovery:discover_packages(prefix_path) check parameters
[0.240s] Level 1:colcon.colcon_core.package_discovery:discover_packages(prefix_path) discover
[0.245s] DEBUG:colcon.colcon_installed_package_information.package_discovery:Found 3 installed packages in /home/yusuf/ros2_project/install
[0.248s] DEBUG:colcon.colcon_installed_package_information.package_discovery:Found 429 installed packages in /opt/ros/humble
[0.251s] Level 1:colcon.colcon_core.package_discovery:discover_packages(prefix_path) using defaults
[0.331s] Level 5:colcon.colcon_core.verb:set package 'control_systems' build argument 'cmake_args' from command line to 'None'
[0.331s] Level 5:colcon.colcon_core.verb:set package 'control_systems' build argument 'cmake_target' from command line to 'None'
[0.331s] Level 5:colcon.colcon_core.verb:set package 'control_systems' build argument 'cmake_target_skip_unavailable' from command line to 'False'
[0.331s] Level 5:colcon.colcon_core.verb:set package 'control_systems' build argument 'cmake_clean_cache' from command line to 'False'
[0.332s] Level 5:colcon.colcon_core.verb:set package 'control_systems' build argument 'cmake_clean_first' from command line to 'False'
[0.332s] Level 5:colcon.colcon_core.verb:set package 'control_systems' build argument 'cmake_force_configure' from command line to 'False'
[0.332s] Level 5:colcon.colcon_core.verb:set package 'control_systems' build argument 'ament_cmake_args' from command line to 'None'
[0.332s] Level 5:colcon.colcon_core.verb:set package 'control_systems' build argument 'catkin_cmake_args' from command line to 'None'
[0.332s] Level 5:colcon.colcon_core.verb:set package 'control_systems' build argument 'catkin_skip_building_tests' from command line to 'False'
[0.332s] DEBUG:colcon.colcon_core.verb:Building package 'control_systems' with the following arguments: {'ament_cmake_args': None, 'build_base': '/home/yusuf/ros2_project/build/control_systems', 'catkin_cmake_args': None, 'catkin_skip_building_tests': False, 'cmake_args': None, 'cmake_clean_cache': False, 'cmake_clean_first': False, 'cmake_force_configure': False, 'cmake_target': None, 'cmake_target_skip_unavailable': False, 'install_base': '/home/yusuf/ros2_project/install/control_systems', 'merge_install': False, 'path': '/home/yusuf/ros2_project/src/control_systems', 'symlink_install': False, 'test_result_base': None}
[0.332s] Level 5:colcon.colcon_core.verb:set package 'mapping' build argument 'cmake_args' from command line to 'None'
[0.332s] Level 5:colcon.colcon_core.verb:set package 'mapping' build argument 'cmake_target' from command line to 'None'
[0.332s] Level 5:colcon.colcon_core.verb:set package 'mapping' build argument 'cmake_target_skip_unavailable' from command line to 'False'
[0.332s] Level 5:colcon.colcon_core.verb:set package 'mapping' build argument 'cmake_clean_cache' from command line to 'False'
[0.332s] Level 5:colcon.colcon_core.verb:set package 'mapping' build argument 'cmake_clean_first' from command line to 'False'
[0.332s] Level 5:colcon.colcon_core.verb:set package 'mapping' build argument 'cmake_force_configure' from command line to 'False'
[0.332s] Level 5:colcon.colcon_core.verb:set package 'mapping' build argument 'ament_cmake_args' from command line to 'None'
[0.333s] Level 5:colcon.colcon_core.verb:set package 'mapping' build argument 'catkin_cmake_args' from command line to 'None'
[0.333s] Level 5:colcon.colcon_core.verb:set package 'mapping' build argument 'catkin_skip_building_tests' from command line to 'False'
[0.333s] DEBUG:colcon.colcon_core.verb:Building package 'mapping' with the following arguments: {'ament_cmake_args': None, 'build_base': '/home/yusuf/ros2_project/build/mapping', 'catkin_cmake_args': None, 'catkin_skip_building_tests': False, 'cmake_args': None, 'cmake_clean_cache': False, 'cmake_clean_first': False, 'cmake_force_configure': False, 'cmake_target': None, 'cmake_target_skip_unavailable': False, 'install_base': '/home/yusuf/ros2_project/install/mapping', 'merge_install': False, 'path': '/home/yusuf/ros2_project/src/mapping', 'symlink_install': False, 'test_result_base': None}
[0.333s] Level 5:colcon.colcon_core.verb:set package 'robot_sensing' build argument 'cmake_args' from command line to 'None'
[0.333s] Level 5:colcon.colcon_core.verb:set package 'robot_sensing' build argument 'cmake_target' from command line to 'None'
[0.333s] Level 5:colcon.colcon_core.verb:set package 'robot_sensing' build argument 'cmake_target_skip_unavailable' from command line to 'False'
[0.333s] Level 5:colcon.colcon_core.verb:set package 'robot_sensing' build argument 'cmake_clean_cache' from command line to 'False'
[0.333s] Level 5:colcon.colcon_core.verb:set package 'robot_sensing' build argument 'cmake_clean_first' from command line to 'False'
[0.333s] Level 5:colcon.colcon_core.verb:set package 'robot_sensing' build argument 'cmake_force_configure' from command line to 'False'
[0.333s] Level 5:colcon.colcon_core.verb:set package 'robot_sensing' build argument 'ament_cmake_args' from command line to 'None'
[0.333s] Level 5:colcon.colcon_core.verb:set package 'robot_sensing' build argument 'catkin_cmake_args' from command line to 'None'
[0.333s] Level 5:colcon.colcon_core.verb:set package 'robot_sensing' build argument 'catkin_skip_building_tests' from command line to 'False'
[0.333s] DEBUG:colcon.colcon_core.verb:Building package 'robot_sensing' with the following arguments: {'ament_cmake_args': None, 'build_base': '/home/yusuf/ros2_project/build/robot_sensing', 'catkin_cmake_args': None, 'catkin_skip_building_tests': False, 'cmake_args': None, 'cmake_clean_cache': False, 'cmake_clean_first': False, 'cmake_force_configure': False, 'cmake_target': None, 'cmake_target_skip_unavailable': False, 'install_base': '/home/yusuf/ros2_project/install/robot_sensing', 'merge_install': False, 'path': '/home/yusuf/ros2_project/src/robot_sensing', 'symlink_install': False, 'test_result_base': None}
[0.334s] Level 5:colcon.colcon_core.verb:set package 'sensor_fusion' build argument 'cmake_args' from command line to 'None'
[0.334s] Level 5:colcon.colcon_core.verb:set package 'sensor_fusion' build argument 'cmake_target' from command line to 'None'
[0.334s] Level 5:colcon.colcon_core.verb:set package 'sensor_fusion' build argument 'cmake_target_skip_unavailable' from command line to 'False'
[0.334s] Level 5:colcon.colcon_core.verb:set package 'sensor_fusion' build argument 'cmake_clean_cache' from command line to 'False'
[0.334s] Level 5:colcon.colcon_core.verb:set package 'sensor_fusion' build argument 'cmake_clean_first' from command line to 'False'
[0.334s] Level 5:colcon.colcon_core.verb:set package 'sensor_fusion' build argument 'cmake_force_configure' from command line to 'False'
[0.334s] Level 5:colcon.colcon_core.verb:set package 'sensor_fusion' build argument 'ament_cmake_args' from command line to 'None'
[0.334s] Level 5:colcon.colcon_core.verb:set package 'sensor_fusion' build argument 'catkin_cmake_args' from command line to 'None'
[0.334s] Level 5:colcon.colcon_core.verb:set package 'sensor_fusion' build argument 'catkin_skip_building_tests' from command line to 'False'
[0.334s] DEBUG:colcon.colcon_core.verb:Building package 'sensor_fusion' with the following arguments: {'ament_cmake_args': None, 'build_base': '/home/yusuf/ros2_project/build/sensor_fusion', 'catkin_cmake_args': None, 'catkin_skip_building_tests': False, 'cmake_args': None, 'cmake_clean_cache': False, 'cmake_clean_first': False, 'cmake_force_configure': False, 'cmake_target': None, 'cmake_target_skip_unavailable': False, 'install_base': '/home/yusuf/ros2_project/install/sensor_fusion', 'merge_install': False, 'path': '/home/yusuf/ros2_project/src/sensor_fusion', 'symlink_install': False, 'test_result_base': None}
[0.334s] INFO:colcon.colcon_core.executor:Executing jobs using 'parallel' executor
[0.336s] DEBUG:colcon.colcon_parallel_executor.executor.parallel:run_until_complete
[0.336s] INFO:colcon.colcon_ros.task.ament_cmake.build:Building ROS package in '/home/yusuf/ros2_project/src/control_systems' with build type 'ament_cmake'
[0.336s] INFO:colcon.colcon_cmake.task.cmake.build:Building CMake package in '/home/yusuf/ros2_project/src/control_systems'
[0.340s] INFO:colcon.colcon_core.plugin_system:Skipping extension 'colcon_core.shell.bat': Not used on non-Windows systems
[0.341s] INFO:colcon.colcon_core.shell:Skip shell extension 'powershell' for command environment: Not usable outside of PowerShell
[0.341s] DEBUG:colcon.colcon_core.shell:Skip shell extension 'dsv' for command environment
[0.346s] INFO:colcon.colcon_ros.task.ament_cmake.build:Building ROS package in '/home/yusuf/ros2_project/src/mapping' with build type 'ament_cmake'
[0.347s] INFO:colcon.colcon_cmake.task.cmake.build:Building CMake package in '/home/yusuf/ros2_project/src/mapping'
[0.347s] INFO:colcon.colcon_core.shell:Skip shell extension 'powershell' for command environment: Not usable outside of PowerShell
[0.347s] DEBUG:colcon.colcon_core.shell:Skip shell extension 'dsv' for command environment
[0.352s] INFO:colcon.colcon_ros.task.ament_cmake.build:Building ROS package in '/home/yusuf/ros2_project/src/robot_sensing' with build type 'ament_cmake'
[0.352s] INFO:colcon.colcon_cmake.task.cmake.build:Building CMake package in '/home/yusuf/ros2_project/src/robot_sensing'
[0.353s] INFO:colcon.colcon_core.shell:Skip shell extension 'powershell' for command environment: Not usable outside of PowerShell
[0.353s] DEBUG:colcon.colcon_core.shell:Skip shell extension 'dsv' for command environment
[0.358s] INFO:colcon.colcon_ros.task.ament_cmake.build:Building ROS package in '/home/yusuf/ros2_project/src/sensor_fusion' with build type 'ament_cmake'
[0.358s] INFO:colcon.colcon_cmake.task.cmake.build:Building CMake package in '/home/yusuf/ros2_project/src/sensor_fusion'
[0.358s] INFO:colcon.colcon_core.shell:Skip shell extension 'powershell' for command environment: Not usable outside of PowerShell
[0.358s] DEBUG:colcon.colcon_core.shell:Skip shell extension 'dsv' for command environment
[0.372s] DEBUG:colcon.colcon_core.event_handler.log_command:Invoking command in '/home/yusuf/ros2_project/build/control_systems': CMAKE_PREFIX_PATH=${CMAKE_PREFIX_PATH}:/opt/ros/humble /usr/bin/cmake --build /home/yusuf/ros2_project/build/control_systems -- -j8 -l8
[0.379s] DEBUG:colcon.colcon_core.event_handler.log_command:Invoking command in '/home/yusuf/ros2_project/build/mapping': CMAKE_PREFIX_PATH=${CMAKE_PREFIX_PATH}:/opt/ros/humble /usr/bin/cmake /home/yusuf/ros2_project/src/mapping -DCMAKE_INSTALL_PREFIX=/home/yusuf/ros2_project/install/mapping
[0.385s] DEBUG:colcon.colcon_core.event_handler.log_command:Invoking command in '/home/yusuf/ros2_project/build/robot_sensing': CMAKE_PREFIX_PATH=${CMAKE_PREFIX_PATH}:/opt/ros/humble /usr/bin/cmake --build /home/yusuf/ros2_project/build/robot_sensing -- -j8 -l8
[0.395s] DEBUG:colcon.colcon_core.event_handler.log_command:Invoking command in '/home/yusuf/ros2_project/build/sensor_fusion': CMAKE_PREFIX_PATH=${CMAKE_PREFIX_PATH}:/opt/ros/humble /usr/bin/cmake --build /home/yusuf/ros2_project/build/sensor_fusion -- -j8 -l8
[3.059s] DEBUG:colcon.colcon_core.event_handler.log_command:Invoked command in '/home/yusuf/ros2_project/build/mapping' returned '0': CMAKE_PREFIX_PATH=${CMAKE_PREFIX_PATH}:/opt/ros/humble /usr/bin/cmake /home/yusuf/ros2_project/src/mapping -DCMAKE_INSTALL_PREFIX=/home/yusuf/ros2_project/install/mapping
[3.062s] DEBUG:colcon.colcon_core.event_handler.log_command:Invoking command in '/home/yusuf/ros2_project/build/mapping': CMAKE_PREFIX_PATH=${CMAKE_PREFIX_PATH}:/opt/ros/humble /usr/bin/cmake --build /home/yusuf/ros2_project/build/mapping -- -j8 -l8
[3.159s] DEBUG:colcon.colcon_core.event_handler.log_command:Invoked command in '/home/yusuf/ros2_project/build/mapping' returned '0': CMAKE_PREFIX_PATH=${CMAKE_PREFIX_PATH}:/opt/ros/humble /usr/bin/cmake --build /home/yusuf/ros2_project/build/mapping -- -j8 -l8
[3.235s] DEBUG:colcon.colcon_core.event_handler.log_command:Invoking command in '/home/yusuf/ros2_project/build/mapping': CMAKE_PREFIX_PATH=${CMAKE_PREFIX_PATH}:/opt/ros/humble /usr/bin/cmake --install /home/yusuf/ros2_project/build/mapping
[3.263s] Level 1:colcon.colcon_core.environment:create_environment_scripts_only(mapping)
[3.264s] DEBUG:colcon.colcon_core.event_handler.log_command:Invoked command in '/home/yusuf/ros2_project/build/mapping' returned '0': CMAKE_PREFIX_PATH=${CMAKE_PREFIX_PATH}:/opt/ros/humble /usr/bin/cmake --install /home/yusuf/ros2_project/build/mapping
[3.269s] Level 1:colcon.colcon_core.environment:checking '/home/yusuf/ros2_project/install/mapping' for CMake module files
[3.270s] Level 1:colcon.colcon_core.environment:checking '/home/yusuf/ros2_project/install/mapping' for CMake config files
[3.270s] Level 1:colcon.colcon_core.shell:create_environment_hook('mapping', 'cmake_prefix_path')
[3.271s] INFO:colcon.colcon_core.shell:Creating environment hook '/home/yusuf/ros2_project/install/mapping/share/mapping/hook/cmake_prefix_path.ps1'
[3.272s] INFO:colcon.colcon_core.shell:Creating environment descriptor '/home/yusuf/ros2_project/install/mapping/share/mapping/hook/cmake_prefix_path.dsv'
[3.273s] INFO:colcon.colcon_core.shell:Creating environment hook '/home/yusuf/ros2_project/install/mapping/share/mapping/hook/cmake_prefix_path.sh'
[3.275s] Level 1:colcon.colcon_core.environment:checking '/home/yusuf/ros2_project/install/mapping/bin'
[3.276s] Level 1:colcon.colcon_core.environment:checking '/home/yusuf/ros2_project/install/mapping/lib/pkgconfig/mapping.pc'
[3.276s] Level 1:colcon.colcon_core.environment:checking '/home/yusuf/ros2_project/install/mapping/lib/python3.10/site-packages'
[3.277s] Level 1:colcon.colcon_core.environment:checking '/home/yusuf/ros2_project/install/mapping/bin'
[3.278s] INFO:colcon.colcon_core.shell:Creating package script '/home/yusuf/ros2_project/install/mapping/share/mapping/package.ps1'
[3.280s] INFO:colcon.colcon_core.shell:Creating package descriptor '/home/yusuf/ros2_project/install/mapping/share/mapping/package.dsv'
[3.282s] INFO:colcon.colcon_core.shell:Creating package script '/home/yusuf/ros2_project/install/mapping/share/mapping/package.sh'
[3.283s] INFO:colcon.colcon_core.shell:Creating package script '/home/yusuf/ros2_project/install/mapping/share/mapping/package.bash'
[3.285s] INFO:colcon.colcon_core.shell:Creating package script '/home/yusuf/ros2_project/install/mapping/share/mapping/package.zsh'
[3.286s] Level 1:colcon.colcon_core.environment:create_file_with_runtime_dependencies(/home/yusuf/ros2_project/install/mapping/share/colcon-core/packages/mapping)
[3.324s] Level 1:colcon.colcon_core.environment:create_environment_scripts_only(mapping)
[3.325s] Level 1:colcon.colcon_core.environment:checking '/home/yusuf/ros2_project/install/mapping' for CMake module files
[3.326s] Level 1:colcon.colcon_core.environment:checking '/home/yusuf/ros2_project/install/mapping' for CMake config files
[3.327s] Level 1:colcon.colcon_core.shell:create_environment_hook('mapping', 'cmake_prefix_path')
[3.328s] INFO:colcon.colcon_core.shell:Creating environment hook '/home/yusuf/ros2_project/install/mapping/share/mapping/hook/cmake_prefix_path.ps1'
[3.329s] INFO:colcon.colcon_core.shell:Creating environment descriptor '/home/yusuf/ros2_project/install/mapping/share/mapping/hook/cmake_prefix_path.dsv'
[3.330s] INFO:colcon.colcon_core.shell:Creating environment hook '/home/yusuf/ros2_project/install/mapping/share/mapping/hook/cmake_prefix_path.sh'
[3.331s] Level 1:colcon.colcon_core.environment:checking '/home/yusuf/ros2_project/install/mapping/bin'
[3.331s] Level 1:colcon.colcon_core.environment:checking '/home/yusuf/ros2_project/install/mapping/lib/pkgconfig/mapping.pc'
[3.331s] Level 1:colcon.colcon_core.environment:checking '/home/yusuf/ros2_project/install/mapping/lib/python3.10/site-packages'
[3.332s] Level 1:colcon.colcon_core.environment:checking '/home/yusuf/ros2_project/install/mapping/bin'
[3.332s] INFO:colcon.colcon_core.shell:Creating package script '/home/yusuf/ros2_project/install/mapping/share/mapping/package.ps1'
[3.333s] INFO:colcon.colcon_core.shell:Creating package descriptor '/home/yusuf/ros2_project/install/mapping/share/mapping/package.dsv'
[3.333s] INFO:colcon.colcon_core.shell:Creating package script '/home/yusuf/ros2_project/install/mapping/share/mapping/package.sh'
[3.334s] INFO:colcon.colcon_core.shell:Creating package script '/home/yusuf/ros2_project/install/mapping/share/mapping/package.bash'
[3.335s] INFO:colcon.colcon_core.shell:Creating package script '/home/yusuf/ros2_project/install/mapping/share/mapping/package.zsh'
[3.335s] Level 1:colcon.colcon_core.environment:create_file_with_runtime_dependencies(/home/yusuf/ros2_project/install/mapping/share/colcon-core/packages/mapping)
[3.968s] DEBUG:colcon.colcon_core.event_handler.log_command:Invoked command in '/home/yusuf/ros2_project/build/robot_sensing' returned '0': CMAKE_PREFIX_PATH=${CMAKE_PREFIX_PATH}:/opt/ros/humble /usr/bin/cmake --build /home/yusuf/ros2_project/build/robot_sensing -- -j8 -l8
[4.024s] DEBUG:colcon.colcon_core.event_handler.log_command:Invoking command in '/home/yusuf/ros2_project/build/robot_sensing': CMAKE_PREFIX_PATH=${CMAKE_PREFIX_PATH}:/opt/ros/humble /usr/bin/cmake --install /home/yusuf/ros2_project/build/robot_sensing
[4.076s] Level 1:colcon.colcon_core.environment:create_environment_scripts_only(robot_sensing)
[4.077s] Level 1:colcon.colcon_core.environment:checking '/home/yusuf/ros2_project/install/robot_sensing' for CMake module files
[4.079s] Level 1:colcon.colcon_core.environment:checking '/home/yusuf/ros2_project/install/robot_sensing' for CMake config files
[4.078s] DEBUG:colcon.colcon_core.event_handler.log_command:Invoked command in '/home/yusuf/ros2_project/build/robot_sensing' returned '0': CMAKE_PREFIX_PATH=${CMAKE_PREFIX_PATH}:/opt/ros/humble /usr/bin/cmake --install /home/yusuf/ros2_project/build/robot_sensing
[4.080s] Level 1:colcon.colcon_core.shell:create_environment_hook('robot_sensing', 'cmake_prefix_path')
[4.081s] INFO:colcon.colcon_core.shell:Creating environment hook '/home/yusuf/ros2_project/install/robot_sensing/share/robot_sensing/hook/cmake_prefix_path.ps1'
[4.081s] INFO:colcon.colcon_core.shell:Creating environment descriptor '/home/yusuf/ros2_project/install/robot_sensing/share/robot_sensing/hook/cmake_prefix_path.dsv'
[4.082s] INFO:colcon.colcon_core.shell:Creating environment hook '/home/yusuf/ros2_project/install/robot_sensing/share/robot_sensing/hook/cmake_prefix_path.sh'
[4.083s] Level 1:colcon.colcon_core.environment:checking '/home/yusuf/ros2_project/install/robot_sensing/lib'
[4.083s] Level 1:colcon.colcon_core.environment:checking '/home/yusuf/ros2_project/install/robot_sensing/bin'
[4.083s] Level 1:colcon.colcon_core.environment:checking '/home/yusuf/ros2_project/install/robot_sensing/lib/pkgconfig/robot_sensing.pc'
[4.084s] Level 1:colcon.colcon_core.environment:checking '/home/yusuf/ros2_project/install/robot_sensing/lib/python3.10/site-packages'
[4.084s] Level 1:colcon.colcon_core.environment:checking '/home/yusuf/ros2_project/install/robot_sensing/bin'
[4.085s] INFO:colcon.colcon_core.shell:Creating package script '/home/yusuf/ros2_project/install/robot_sensing/share/robot_sensing/package.ps1'
[4.085s] INFO:colcon.colcon_core.shell:Creating package descriptor '/home/yusuf/ros2_project/install/robot_sensing/share/robot_sensing/package.dsv'
[4.086s] INFO:colcon.colcon_core.shell:Creating package script '/home/yusuf/ros2_project/install/robot_sensing/share/robot_sensing/package.sh'
[4.086s] INFO:colcon.colcon_core.shell:Creating package script '/home/yusuf/ros2_project/install/robot_sensing/share/robot_sensing/package.bash'
[4.087s] INFO:colcon.colcon_core.shell:Creating package script '/home/yusuf/ros2_project/install/robot_sensing/share/robot_sensing/package.zsh'
[4.087s] Level 1:colcon.colcon_core.environment:create_file_with_runtime_dependencies(/home/yusuf/ros2_project/install/robot_sensing/share/colcon-core/packages/robot_sensing)
[4.146s] Level 1:colcon.colcon_core.environment:create_environment_scripts_only(robot_sensing)
[4.147s] Level 1:colcon.colcon_core.environment:checking '/home/yusuf/ros2_project/install/robot_sensing' for CMake module files
[4.148s] Level 1:colcon.colcon_core.environment:checking '/home/yusuf/ros2_project/install/robot_sensing' for CMake config files
[4.148s] Level 1:colcon.colcon_core.shell:create_environment_hook('robot_sensing', 'cmake_prefix_path')
[4.149s] INFO:colcon.colcon_core.shell:Creating environment hook '/home/yusuf/ros2_project/install/robot_sensing/share/robot_sensing/hook/cmake_prefix_path.ps1'
[4.149s] INFO:colcon.colcon_core.shell:Creating environment descriptor '/home/yusuf/ros2_project/install/robot_sensing/share/robot_sensing/hook/cmake_prefix_path.dsv'
[4.150s] INFO:colcon.colcon_core.shell:Creating environment hook '/home/yusuf/ros2_project/install/robot_sensing/share/robot_sensing/hook/cmake_prefix_path.sh'
[4.151s] Level 1:colcon.colcon_core.environment:checking '/home/yusuf/ros2_project/install/robot_sensing/lib'
[4.151s] Level 1:colcon.colcon_core.environment:checking '/home/yusuf/ros2_project/install/robot_sensing/bin'
[4.151s] Level 1:colcon.colcon_core.environment:checking '/home/yusuf/ros2_project/install/robot_sensing/lib/pkgconfig/robot_sensing.pc'
[4.151s] Level 1:colcon.colcon_core.environment:checking '/home/yusuf/ros2_project/install/robot_sensing/lib/python3.10/site-packages'
[4.152s] Level 1:colcon.colcon_core.environment:checking '/home/yusuf/ros2_project/install/robot_sensing/bin'
[4.152s] INFO:colcon.colcon_core.shell:Creating package script '/home/yusuf/ros2_project/install/robot_sensing/share/robot_sensing/package.ps1'
[4.153s] INFO:colcon.colcon_core.shell:Creating package descriptor '/home/yusuf/ros2_project/install/robot_sensing/share/robot_sensing/package.dsv'
[4.153s] INFO:colcon.colcon_core.shell:Creating package script '/home/yusuf/ros2_project/install/robot_sensing/share/robot_sensing/package.sh'
[4.154s] INFO:colcon.colcon_core.shell:Creating package script '/home/yusuf/ros2_project/install/robot_sensing/share/robot_sensing/package.bash'
[4.154s] INFO:colcon.colcon_core.shell:Creating package script '/home/yusuf/ros2_project/install/robot_sensing/share/robot_sensing/package.zsh'
[4.155s] Level 1:colcon.colcon_core.environment:create_file_with_runtime_dependencies(/home/yusuf/ros2_project/install/robot_sensing/share/colcon-core/packages/robot_sensing)
[17.983s] DEBUG:colcon.colcon_core.event_handler.log_command:Invoked command in '/home/yusuf/ros2_project/build/sensor_fusion' returned '0': CMAKE_PREFIX_PATH=${CMAKE_PREFIX_PATH}:/opt/ros/humble /usr/bin/cmake --build /home/yusuf/ros2_project/build/sensor_fusion -- -j8 -l8
[18.032s] DEBUG:colcon.colcon_core.event_handler.log_command:Invoking command in '/home/yusuf/ros2_project/build/sensor_fusion': CMAKE_PREFIX_PATH=${CMAKE_PREFIX_PATH}:/opt/ros/humble /usr/bin/cmake --install /home/yusuf/ros2_project/build/sensor_fusion
[18.083s] Level 1:colcon.colcon_core.environment:create_environment_scripts_only(sensor_fusion)
[18.083s] Level 1:colcon.colcon_core.environment:checking '/home/yusuf/ros2_project/install/sensor_fusion' for CMake module files
[18.084s] DEBUG:colcon.colcon_core.event_handler.log_command:Invoked command in '/home/yusuf/ros2_project/build/sensor_fusion' returned '0': CMAKE_PREFIX_PATH=${CMAKE_PREFIX_PATH}:/opt/ros/humble /usr/bin/cmake --install /home/yusuf/ros2_project/build/sensor_fusion
[18.085s] Level 1:colcon.colcon_core.environment:checking '/home/yusuf/ros2_project/install/sensor_fusion' for CMake config files
[18.085s] Level 1:colcon.colcon_core.shell:create_environment_hook('sensor_fusion', 'cmake_prefix_path')
[18.085s] INFO:colcon.colcon_core.shell:Creating environment hook '/home/yusuf/ros2_project/install/sensor_fusion/share/sensor_fusion/hook/cmake_prefix_path.ps1'
[18.086s] INFO:colcon.colcon_core.shell:Creating environment descriptor '/home/yusuf/ros2_project/install/sensor_fusion/share/sensor_fusion/hook/cmake_prefix_path.dsv'
[18.086s] INFO:colcon.colcon_core.shell:Creating environment hook '/home/yusuf/ros2_project/install/sensor_fusion/share/sensor_fusion/hook/cmake_prefix_path.sh'
[18.087s] Level 1:colcon.colcon_core.environment:checking '/home/yusuf/ros2_project/install/sensor_fusion/lib'
[18.087s] Level 1:colcon.colcon_core.environment:checking '/home/yusuf/ros2_project/install/sensor_fusion/bin'
[18.087s] Level 1:colcon.colcon_core.environment:checking '/home/yusuf/ros2_project/install/sensor_fusion/lib/pkgconfig/sensor_fusion.pc'
[18.087s] Level 1:colcon.colcon_core.environment:checking '/home/yusuf/ros2_project/install/sensor_fusion/lib/python3.10/site-packages'
[18.088s] Level 1:colcon.colcon_core.environment:checking '/home/yusuf/ros2_project/install/sensor_fusion/bin'
[18.088s] INFO:colcon.colcon_core.shell:Creating package script '/home/yusuf/ros2_project/install/sensor_fusion/share/sensor_fusion/package.ps1'
[18.089s] INFO:colcon.colcon_core.shell:Creating package descriptor '/home/yusuf/ros2_project/install/sensor_fusion/share/sensor_fusion/package.dsv'
[18.089s] INFO:colcon.colcon_core.shell:Creating package script '/home/yusuf/ros2_project/install/sensor_fusion/share/sensor_fusion/package.sh'
[18.090s] INFO:colcon.colcon_core.shell:Creating package script '/home/yusuf/ros2_project/install/sensor_fusion/share/sensor_fusion/package.bash'
[18.090s] INFO:colcon.colcon_core.shell:Creating package script '/home/yusuf/ros2_project/install/sensor_fusion/share/sensor_fusion/package.zsh'
[18.091s] Level 1:colcon.colcon_core.environment:create_file_with_runtime_dependencies(/home/yusuf/ros2_project/install/sensor_fusion/share/colcon-core/packages/sensor_fusion)
[18.147s] Level 1:colcon.colcon_core.environment:create_environment_scripts_only(sensor_fusion)
[18.147s] Level 1:colcon.colcon_core.environment:checking '/home/yusuf/ros2_project/install/sensor_fusion' for CMake module files
[18.149s] Level 1:colcon.colcon_core.environment:checking '/home/yusuf/ros2_project/install/sensor_fusion' for CMake config files
[18.149s] Level 1:colcon.colcon_core.shell:create_environment_hook('sensor_fusion', 'cmake_prefix_path')
[18.150s] INFO:colcon.colcon_core.shell:Creating environment hook '/home/yusuf/ros2_project/install/sensor_fusion/share/sensor_fusion/hook/cmake_prefix_path.ps1'
[18.151s] INFO:colcon.colcon_core.shell:Creating environment descriptor '/home/yusuf/ros2_project/install/sensor_fusion/share/sensor_fusion/hook/cmake_prefix_path.dsv'
[18.151s] INFO:colcon.colcon_core.shell:Creating environment hook '/home/yusuf/ros2_project/install/sensor_fusion/share/sensor_fusion/hook/cmake_prefix_path.sh'
[18.152s] Level 1:colcon.colcon_core.environment:checking '/home/yusuf/ros2_project/install/sensor_fusion/lib'
[18.153s] Level 1:colcon.colcon_core.environment:checking '/home/yusuf/ros2_project/install/sensor_fusion/bin'
[18.153s] Level 1:colcon.colcon_core.environment:checking '/home/yusuf/ros2_project/install/sensor_fusion/lib/pkgconfig/sensor_fusion.pc'
[18.153s] Level 1:colcon.colcon_core.environment:checking '/home/yusuf/ros2_project/install/sensor_fusion/lib/python3.10/site-packages'
[18.154s] Level 1:colcon.colcon_core.environment:checking '/home/yusuf/ros2_project/install/sensor_fusion/bin'
[18.154s] INFO:colcon.colcon_core.shell:Creating package script '/home/yusuf/ros2_project/install/sensor_fusion/share/sensor_fusion/package.ps1'
[18.155s] INFO:colcon.colcon_core.shell:Creating package descriptor '/home/yusuf/ros2_project/install/sensor_fusion/share/sensor_fusion/package.dsv'
[18.156s] INFO:colcon.colcon_core.shell:Creating package script '/home/yusuf/ros2_project/install/sensor_fusion/share/sensor_fusion/package.sh'
[18.157s] INFO:colcon.colcon_core.shell:Creating package script '/home/yusuf/ros2_project/install/sensor_fusion/share/sensor_fusion/package.bash'
[18.158s] INFO:colcon.colcon_core.shell:Creating package script '/home/yusuf/ros2_project/install/sensor_fusion/share/sensor_fusion/package.zsh'
[18.159s] Level 1:colcon.colcon_core.environment:create_file_with_runtime_dependencies(/home/yusuf/ros2_project/install/sensor_fusion/share/colcon-core/packages/sensor_fusion)
[38.708s] DEBUG:colcon.colcon_core.event_handler.log_command:Invoked command in '/home/yusuf/ros2_project/build/control_systems' returned '0': CMAKE_PREFIX_PATH=${CMAKE_PREFIX_PATH}:/opt/ros/humble /usr/bin/cmake --build /home/yusuf/ros2_project/build/control_systems -- -j8 -l8
[38.775s] DEBUG:colcon.colcon_core.event_handler.log_command:Invoking command in '/home/yusuf/ros2_project/build/control_systems': CMAKE_PREFIX_PATH=${CMAKE_PREFIX_PATH}:/opt/ros/humble /usr/bin/cmake --install /home/yusuf/ros2_project/build/control_systems
[38.915s] Level 1:colcon.colcon_core.environment:create_environment_scripts_only(control_systems)
[38.917s] Level 1:colcon.colcon_core.environment:checking '/home/yusuf/ros2_project/install/control_systems' for CMake module files
[38.922s] DEBUG:colcon.colcon_core.event_handler.log_command:Invoked command in '/home/yusuf/ros2_project/build/control_systems' returned '0': CMAKE_PREFIX_PATH=${CMAKE_PREFIX_PATH}:/opt/ros/humble /usr/bin/cmake --install /home/yusuf/ros2_project/build/control_systems
[38.924s] Level 1:colcon.colcon_core.environment:checking '/home/yusuf/ros2_project/install/control_systems' for CMake config files
[38.926s] Level 1:colcon.colcon_core.shell:create_environment_hook('control_systems', 'cmake_prefix_path')
[38.928s] INFO:colcon.colcon_core.shell:Creating environment hook '/home/yusuf/ros2_project/install/control_systems/share/control_systems/hook/cmake_prefix_path.ps1'
[38.930s] INFO:colcon.colcon_core.shell:Creating environment descriptor '/home/yusuf/ros2_project/install/control_systems/share/control_systems/hook/cmake_prefix_path.dsv'
[38.931s] INFO:colcon.colcon_core.shell:Creating environment hook '/home/yusuf/ros2_project/install/control_systems/share/control_systems/hook/cmake_prefix_path.sh'
[38.933s] Level 1:colcon.colcon_core.environment:checking '/home/yusuf/ros2_project/install/control_systems/lib'
[38.934s] Level 1:colcon.colcon_core.environment:checking '/home/yusuf/ros2_project/install/control_systems/bin'
[38.934s] Level 1:colcon.colcon_core.environment:checking '/home/yusuf/ros2_project/install/control_systems/lib/pkgconfig/control_systems.pc'
[38.935s] Level 1:colcon.colcon_core.environment:checking '/home/yusuf/ros2_project/install/control_systems/lib/python3.10/site-packages'
[38.936s] Level 1:colcon.colcon_core.environment:checking '/home/yusuf/ros2_project/install/control_systems/bin'
[38.937s] INFO:colcon.colcon_core.shell:Creating package script '/home/yusuf/ros2_project/install/control_systems/share/control_systems/package.ps1'
[38.939s] INFO:colcon.colcon_core.shell:Creating package descriptor '/home/yusuf/ros2_project/install/control_systems/share/control_systems/package.dsv'
[38.940s] INFO:colcon.colcon_core.shell:Creating package script '/home/yusuf/ros2_project/install/control_systems/share/control_systems/package.sh'
[38.942s] INFO:colcon.colcon_core.shell:Creating package script '/home/yusuf/ros2_project/install/control_systems/share/control_systems/package.bash'
[38.943s] INFO:colcon.colcon_core.shell:Creating package script '/home/yusuf/ros2_project/install/control_systems/share/control_systems/package.zsh'
[38.944s] Level 1:colcon.colcon_core.environment:create_file_with_runtime_dependencies(/home/yusuf/ros2_project/install/control_systems/share/colcon-core/packages/control_systems)
[39.088s] Level 1:colcon.colcon_core.environment:create_environment_scripts_only(control_systems)
[39.090s] Level 1:colcon.colcon_core.environment:checking '/home/yusuf/ros2_project/install/control_systems' for CMake module files
[39.094s] Level 1:colcon.colcon_core.environment:checking '/home/yusuf/ros2_project/install/control_systems' for CMake config files
[39.096s] Level 1:colcon.colcon_core.shell:create_environment_hook('control_systems', 'cmake_prefix_path')
[39.097s] INFO:colcon.colcon_core.shell:Creating environment hook '/home/yusuf/ros2_project/install/control_systems/share/control_systems/hook/cmake_prefix_path.ps1'
[39.098s] INFO:colcon.colcon_core.shell:Creating environment descriptor '/home/yusuf/ros2_project/install/control_systems/share/control_systems/hook/cmake_prefix_path.dsv'
[39.099s] INFO:colcon.colcon_core.shell:Creating environment hook '/home/yusuf/ros2_project/install/control_systems/share/control_systems/hook/cmake_prefix_path.sh'
[39.101s] Level 1:colcon.colcon_core.environment:checking '/home/yusuf/ros2_project/install/control_systems/lib'
[39.101s] Level 1:colcon.colcon_core.environment:checking '/home/yusuf/ros2_project/install/control_systems/bin'
[39.101s] Level 1:colcon.colcon_core.environment:checking '/home/yusuf/ros2_project/install/control_systems/lib/pkgconfig/control_systems.pc'
[39.102s] Level 1:colcon.colcon_core.environment:checking '/home/yusuf/ros2_project/install/control_systems/lib/python3.10/site-packages'
[39.103s] Level 1:colcon.colcon_core.environment:checking '/home/yusuf/ros2_project/install/control_systems/bin'
[39.104s] INFO:colcon.colcon_core.shell:Creating package script '/home/yusuf/ros2_project/install/control_systems/share/control_systems/package.ps1'
[39.105s] INFO:colcon.colcon_core.shell:Creating package descriptor '/home/yusuf/ros2_project/install/control_systems/share/control_systems/package.dsv'
[39.107s] INFO:colcon.colcon_core.shell:Creating package script '/home/yusuf/ros2_project/install/control_systems/share/control_systems/package.sh'
[39.108s] INFO:colcon.colcon_core.shell:Creating package script '/home/yusuf/ros2_project/install/control_systems/share/control_systems/package.bash'
[39.109s] INFO:colcon.colcon_core.shell:Creating package script '/home/yusuf/ros2_project/install/control_systems/share/control_systems/package.zsh'
[39.110s] Level 1:colcon.colcon_core.environment:create_file_with_runtime_dependencies(/home/yusuf/ros2_project/install/control_systems/share/colcon-core/packages/control_systems)
[39.111s] DEBUG:colcon.colcon_parallel_executor.executor.parallel:closing loop
[39.111s] DEBUG:colcon.colcon_parallel_executor.executor.parallel:loop closed
[39.112s] DEBUG:colcon.colcon_parallel_executor.executor.parallel:run_until_complete finished with '0'
[39.112s] DEBUG:colcon.colcon_core.event_reactor:joining thread
[39.125s] INFO:colcon.colcon_core.plugin_system:Skipping extension 'colcon_notification.desktop_notification.notify_send': Could not find 'notify-send'
[39.125s] INFO:colcon.colcon_core.plugin_system:Skipping extension 'colcon_notification.desktop_notification.terminal_notifier': Not used on non-Darwin systems
[39.125s] INFO:colcon.colcon_core.plugin_system:Skipping extension 'colcon_notification.desktop_notification.win32': Not used on non-Windows systems
[39.125s] INFO:colcon.colcon_notification.desktop_notification:Sending desktop notification using 'notify2'
[39.127s] DEBUG:colcon.colcon_notification.desktop_notification.notify2:Failed to initialize notify2: org.freedesktop.DBus.Error.ServiceUnknown: The name org.freedesktop.Notifications was not provided by any .service files
[39.128s] DEBUG:colcon.colcon_core.event_reactor:joined thread
[39.128s] INFO:colcon.colcon_core.shell:Creating prefix script '/home/yusuf/ros2_project/install/local_setup.ps1'
[39.130s] INFO:colcon.colcon_core.shell:Creating prefix util module '/home/yusuf/ros2_project/install/_local_setup_util_ps1.py'
[39.153s] INFO:colcon.colcon_core.shell:Creating prefix chain script '/home/yusuf/ros2_project/install/setup.ps1'
[39.157s] INFO:colcon.colcon_core.shell:Creating prefix script '/home/yusuf/ros2_project/install/local_setup.sh'
[39.159s] INFO:colcon.colcon_core.shell:Creating prefix util module '/home/yusuf/ros2_project/install/_local_setup_util_sh.py'
[39.160s] INFO:colcon.colcon_core.shell:Creating prefix chain script '/home/yusuf/ros2_project/install/setup.sh'
[39.162s] INFO:colcon.colcon_core.shell:Creating prefix script '/home/yusuf/ros2_project/install/local_setup.bash'
[39.163s] INFO:colcon.colcon_core.shell:Creating prefix chain script '/home/yusuf/ros2_project/install/setup.bash'
[39.165s] INFO:colcon.colcon_core.shell:Creating prefix script '/home/yusuf/ros2_project/install/local_setup.zsh'
[39.166s] INFO:colcon.colcon_core.shell:Creating prefix chain script '/home/yusuf/ros2_project/install/setup.zsh'
