[0.031s] Invoking command in '/home/yusuf/ros2_project/build/mapping': CMAKE_PREFIX_PATH=${CMAKE_PREFIX_PATH}:/opt/ros/humble /usr/bin/cmake /home/yusuf/ros2_project/src/mapping -DCMAKE_INSTALL_PREFIX=/home/yusuf/ros2_project/install/mapping
[0.241s] -- The C compiler identification is GNU 11.4.0
[0.470s] -- The CXX compiler identification is GNU 11.4.0
[0.510s] -- Detecting C compiler ABI info
[0.790s] -- Detecting C compiler ABI info - done
[0.804s] -- Check for working C compiler: /usr/bin/cc - skipped
[0.813s] -- Detecting C compile features
[0.814s] -- Detecting C compile features - done
[0.835s] -- Detecting CXX compiler ABI info
[1.160s] -- Detecting CXX compiler ABI info - done
[1.188s] -- Check for working CXX compiler: /usr/bin/c++ - skipped
[1.192s] -- Detecting CXX compile features
[1.193s] -- Detecting CXX compile features - done
[1.210s] -- Found ament_cmake: 1.3.10 (/opt/ros/humble/share/ament_cmake/cmake)
[2.180s] -- Found Python3: /usr/bin/python3 (found version "3.10.12") found components: Interpreter 
[2.474s] -- Found ament_lint_auto: 0.12.11 (/opt/ros/humble/share/ament_lint_auto/cmake)
[2.688s] -- Added test 'lint_cmake' to check CMake code style
[2.690s] -- Added test 'xmllint' to check XML markup files
[2.697s] -- Configuring done
[2.703s] -- Generating done
[2.704s] -- Build files have been written to: /home/yusuf/ros2_project/build/mapping
[2.712s] Invoked command in '/home/yusuf/ros2_project/build/mapping' returned '0': CMAKE_PREFIX_PATH=${CMAKE_PREFIX_PATH}:/opt/ros/humble /usr/bin/cmake /home/yusuf/ros2_project/src/mapping -DCMAKE_INSTALL_PREFIX=/home/yusuf/ros2_project/install/mapping
[2.714s] Invoking command in '/home/yusuf/ros2_project/build/mapping': CMAKE_PREFIX_PATH=${CMAKE_PREFIX_PATH}:/opt/ros/humble /usr/bin/cmake --build /home/yusuf/ros2_project/build/mapping -- -j8 -l8
[2.812s] Invoked command in '/home/yusuf/ros2_project/build/mapping' returned '0': CMAKE_PREFIX_PATH=${CMAKE_PREFIX_PATH}:/opt/ros/humble /usr/bin/cmake --build /home/yusuf/ros2_project/build/mapping -- -j8 -l8
[2.887s] Invoking command in '/home/yusuf/ros2_project/build/mapping': CMAKE_PREFIX_PATH=${CMAKE_PREFIX_PATH}:/opt/ros/humble /usr/bin/cmake --install /home/yusuf/ros2_project/build/mapping
[2.905s] -- Install configuration: ""
[2.905s] -- Installing: /home/yusuf/ros2_project/install/mapping/share/ament_index/resource_index/package_run_dependencies/mapping
[2.906s] -- Installing: /home/yusuf/ros2_project/install/mapping/share/ament_index/resource_index/parent_prefix_path/mapping
[2.906s] -- Installing: /home/yusuf/ros2_project/install/mapping/share/mapping/environment/ament_prefix_path.sh
[2.907s] -- Installing: /home/yusuf/ros2_project/install/mapping/share/mapping/environment/ament_prefix_path.dsv
[2.907s] -- Installing: /home/yusuf/ros2_project/install/mapping/share/mapping/environment/path.sh
[2.907s] -- Installing: /home/yusuf/ros2_project/install/mapping/share/mapping/environment/path.dsv
[2.908s] -- Installing: /home/yusuf/ros2_project/install/mapping/share/mapping/local_setup.bash
[2.908s] -- Installing: /home/yusuf/ros2_project/install/mapping/share/mapping/local_setup.sh
[2.908s] -- Installing: /home/yusuf/ros2_project/install/mapping/share/mapping/local_setup.zsh
[2.910s] -- Installing: /home/yusuf/ros2_project/install/mapping/share/mapping/local_setup.dsv
[2.910s] -- Installing: /home/yusuf/ros2_project/install/mapping/share/mapping/package.dsv
[2.910s] -- Installing: /home/yusuf/ros2_project/install/mapping/share/ament_index/resource_index/packages/mapping
[2.911s] -- Installing: /home/yusuf/ros2_project/install/mapping/share/mapping/cmake/mappingConfig.cmake
[2.911s] -- Installing: /home/yusuf/ros2_project/install/mapping/share/mapping/cmake/mappingConfig-version.cmake
[2.911s] -- Installing: /home/yusuf/ros2_project/install/mapping/share/mapping/package.xml
[2.917s] Invoked command in '/home/yusuf/ros2_project/build/mapping' returned '0': CMAKE_PREFIX_PATH=${CMAKE_PREFIX_PATH}:/opt/ros/humble /usr/bin/cmake --install /home/yusuf/ros2_project/build/mapping
